// Vitest Snapshot v1, https://vitest.dev/guide/snapshot.html

exports[`Test LambdaAstroSite > Expect match snapshot without CloudFront 1`] = `
{
  "Mappings": {
    "DefaultCrNodeVersionMap": {
      "af-south-1": {
        "value": "nodejs16.x",
      },
      "ap-east-1": {
        "value": "nodejs16.x",
      },
      "ap-northeast-1": {
        "value": "nodejs16.x",
      },
      "ap-northeast-2": {
        "value": "nodejs16.x",
      },
      "ap-northeast-3": {
        "value": "nodejs16.x",
      },
      "ap-south-1": {
        "value": "nodejs16.x",
      },
      "ap-south-2": {
        "value": "nodejs16.x",
      },
      "ap-southeast-1": {
        "value": "nodejs16.x",
      },
      "ap-southeast-2": {
        "value": "nodejs16.x",
      },
      "ap-southeast-3": {
        "value": "nodejs16.x",
      },
      "ca-central-1": {
        "value": "nodejs16.x",
      },
      "cn-north-1": {
        "value": "nodejs16.x",
      },
      "cn-northwest-1": {
        "value": "nodejs16.x",
      },
      "eu-central-1": {
        "value": "nodejs16.x",
      },
      "eu-central-2": {
        "value": "nodejs16.x",
      },
      "eu-north-1": {
        "value": "nodejs16.x",
      },
      "eu-south-1": {
        "value": "nodejs16.x",
      },
      "eu-south-2": {
        "value": "nodejs16.x",
      },
      "eu-west-1": {
        "value": "nodejs16.x",
      },
      "eu-west-2": {
        "value": "nodejs16.x",
      },
      "eu-west-3": {
        "value": "nodejs16.x",
      },
      "me-central-1": {
        "value": "nodejs16.x",
      },
      "me-south-1": {
        "value": "nodejs16.x",
      },
      "sa-east-1": {
        "value": "nodejs16.x",
      },
      "us-east-1": {
        "value": "nodejs16.x",
      },
      "us-east-2": {
        "value": "nodejs16.x",
      },
      "us-gov-east-1": {
        "value": "nodejs16.x",
      },
      "us-gov-west-1": {
        "value": "nodejs16.x",
      },
      "us-iso-east-1": {
        "value": "nodejs14.x",
      },
      "us-iso-west-1": {
        "value": "nodejs14.x",
      },
      "us-isob-east-1": {
        "value": "nodejs14.x",
      },
      "us-west-1": {
        "value": "nodejs16.x",
      },
      "us-west-2": {
        "value": "nodejs16.x",
      },
    },
  },
  "Parameters": {
    "BootstrapVersion": {
      "Default": "/cdk-bootstrap/hnb659fds/version",
      "Description": "Version of the CDK Bootstrap resources in this environment, automatically retrieved from SSM Parameter Store. [cdk:skip]",
      "Type": "AWS::SSM::Parameter::Value<String>",
    },
  },
  "Resources": {
    "CustomCDKBucketDeployment8693BB64968944B69AAFB0CC9EB8756C81C01536": {
      "DependsOn": [
        "CustomCDKBucketDeployment8693BB64968944B69AAFB0CC9EB8756CServiceRoleDefaultPolicy88902FDF",
        "CustomCDKBucketDeployment8693BB64968944B69AAFB0CC9EB8756CServiceRole89A01265",
      ],
      "Properties": {
        "Code": {
          "S3Bucket": {
            "Fn::Sub": "cdk-hnb659fds-assets-\${AWS::AccountId}-\${AWS::Region}",
          },
          "S3Key": "9eb41a5505d37607ac419321497a4f8c21cf0ee1f9b4a6b29aa04301aea5c7fd.zip",
        },
        "Environment": {
          "Variables": {
            "AWS_CA_BUNDLE": "/etc/pki/ca-trust/extracted/pem/tls-ca-bundle.pem",
          },
        },
        "Handler": "index.handler",
        "Layers": [
          {
            "Ref": "TestSiteBucketDeploymentAwsCliLayerD8E01993",
          },
        ],
        "Role": {
          "Fn::GetAtt": [
            "CustomCDKBucketDeployment8693BB64968944B69AAFB0CC9EB8756CServiceRole89A01265",
            "Arn",
          ],
        },
        "Runtime": "python3.9",
        "Timeout": 900,
      },
      "Type": "AWS::Lambda::Function",
    },
    "CustomCDKBucketDeployment8693BB64968944B69AAFB0CC9EB8756CServiceRole89A01265": {
      "Properties": {
        "AssumeRolePolicyDocument": {
          "Statement": [
            {
              "Action": "sts:AssumeRole",
              "Effect": "Allow",
              "Principal": {
                "Service": "lambda.amazonaws.com",
              },
            },
          ],
          "Version": "2012-10-17",
        },
        "ManagedPolicyArns": [
          {
            "Fn::Join": [
              "",
              [
                "arn:",
                {
                  "Ref": "AWS::Partition",
                },
                ":iam::aws:policy/service-role/AWSLambdaBasicExecutionRole",
              ],
            ],
          },
        ],
      },
      "Type": "AWS::IAM::Role",
    },
    "CustomCDKBucketDeployment8693BB64968944B69AAFB0CC9EB8756CServiceRoleDefaultPolicy88902FDF": {
      "Properties": {
        "PolicyDocument": {
          "Statement": [
            {
              "Action": [
                "s3:GetObject*",
                "s3:GetBucket*",
                "s3:List*",
              ],
              "Effect": "Allow",
              "Resource": [
                {
                  "Fn::Join": [
                    "",
                    [
                      "arn:",
                      {
                        "Ref": "AWS::Partition",
                      },
                      ":s3:::",
                      {
                        "Fn::Sub": "cdk-hnb659fds-assets-\${AWS::AccountId}-\${AWS::Region}",
                      },
                    ],
                  ],
                },
                {
                  "Fn::Join": [
                    "",
                    [
                      "arn:",
                      {
                        "Ref": "AWS::Partition",
                      },
                      ":s3:::",
                      {
                        "Fn::Sub": "cdk-hnb659fds-assets-\${AWS::AccountId}-\${AWS::Region}",
                      },
                      "/*",
                    ],
                  ],
                },
              ],
            },
            {
              "Action": [
                "s3:GetObject*",
                "s3:GetBucket*",
                "s3:List*",
                "s3:DeleteObject*",
                "s3:PutObject",
                "s3:PutObjectLegalHold",
                "s3:PutObjectRetention",
                "s3:PutObjectTagging",
                "s3:PutObjectVersionTagging",
                "s3:Abort*",
              ],
              "Effect": "Allow",
              "Resource": [
                {
                  "Fn::GetAtt": [
                    "TestSiteStaticAssetsF5321A7D",
                    "Arn",
                  ],
                },
                {
                  "Fn::Join": [
                    "",
                    [
                      {
                        "Fn::GetAtt": [
                          "TestSiteStaticAssetsF5321A7D",
                          "Arn",
                        ],
                      },
                      "/*",
                    ],
                  ],
                },
              ],
            },
          ],
          "Version": "2012-10-17",
        },
        "PolicyName": "CustomCDKBucketDeployment8693BB64968944B69AAFB0CC9EB8756CServiceRoleDefaultPolicy88902FDF",
        "Roles": [
          {
            "Ref": "CustomCDKBucketDeployment8693BB64968944B69AAFB0CC9EB8756CServiceRole89A01265",
          },
        ],
      },
      "Type": "AWS::IAM::Policy",
    },
    "CustomS3AutoDeleteObjectsCustomResourceProviderHandler9D90184F": {
      "DependsOn": [
        "CustomS3AutoDeleteObjectsCustomResourceProviderRole3B1BD092",
      ],
      "Properties": {
        "Code": {
          "S3Bucket": {
            "Fn::Sub": "cdk-hnb659fds-assets-\${AWS::AccountId}-\${AWS::Region}",
          },
          "S3Key": "350185a1069fa20a23a583e20c77f6844218bd73097902362dc94f1a108f5d89.zip",
        },
        "Description": {
          "Fn::Join": [
            "",
            [
              "Lambda function for auto-deleting objects in ",
              {
                "Ref": "TestSiteStaticAssetsF5321A7D",
              },
              " S3 bucket.",
            ],
          ],
        },
        "Handler": "__entrypoint__.handler",
        "MemorySize": 128,
        "Role": {
          "Fn::GetAtt": [
            "CustomS3AutoDeleteObjectsCustomResourceProviderRole3B1BD092",
            "Arn",
          ],
        },
        "Runtime": "nodejs16.x",
        "Timeout": 900,
      },
      "Type": "AWS::Lambda::Function",
    },
    "CustomS3AutoDeleteObjectsCustomResourceProviderRole3B1BD092": {
      "Properties": {
        "AssumeRolePolicyDocument": {
          "Statement": [
            {
              "Action": "sts:AssumeRole",
              "Effect": "Allow",
              "Principal": {
                "Service": "lambda.amazonaws.com",
              },
            },
          ],
          "Version": "2012-10-17",
        },
        "ManagedPolicyArns": [
          {
            "Fn::Sub": "arn:\${AWS::Partition}:iam::aws:policy/service-role/AWSLambdaBasicExecutionRole",
          },
        ],
      },
      "Type": "AWS::IAM::Role",
    },
    "TestSiteBucketDeploymentAwsCliLayerD8E01993": {
      "Properties": {
        "Content": {
          "S3Bucket": {
            "Fn::Sub": "cdk-hnb659fds-assets-\${AWS::AccountId}-\${AWS::Region}",
          },
          "S3Key": "c33f77e71bef2fbd8299fa87f0d89b792b981d73e22dba92b2dd13caec415dfc.zip",
        },
        "Description": "/opt/awscli/aws",
      },
      "Type": "AWS::Lambda::LayerVersion",
    },
    "TestSiteBucketDeploymentCustomResource12F3C1EB": {
      "DeletionPolicy": "Delete",
      "Properties": {
        "DestinationBucketName": {
          "Ref": "TestSiteStaticAssetsF5321A7D",
        },
        "Prune": true,
        "ServiceToken": {
          "Fn::GetAtt": [
            "CustomCDKBucketDeployment8693BB64968944B69AAFB0CC9EB8756C81C01536",
            "Arn",
          ],
        },
        "SourceBucketNames": [
          {
            "Fn::Sub": "cdk-hnb659fds-assets-\${AWS::AccountId}-\${AWS::Region}",
          },
        ],
        "SourceObjectKeys": [
          "d392246897ac937e6e71a1323092f897e754affea87f754f3d252a22ceaca64d.zip",
        ],
      },
      "Type": "Custom::CDKBucketDeployment",
      "UpdateReplacePolicy": "Delete",
    },
    "TestSiteHttpApi6002F179": {
      "Properties": {
        "Name": "HttpApi",
        "ProtocolType": "HTTP",
      },
      "Type": "AWS::ApiGatewayV2::Api",
    },
    "TestSiteHttpApiDefaultRoute8F6ED7C6": {
      "Properties": {
        "ApiId": {
          "Ref": "TestSiteHttpApi6002F179",
        },
        "AuthorizationType": "NONE",
        "RouteKey": "$default",
        "Target": {
          "Fn::Join": [
            "",
            [
              "integrations/",
              {
                "Ref": "TestSiteHttpApiDefaultRouteHttpLambdaIntegration417857CE",
              },
            ],
          ],
        },
      },
      "Type": "AWS::ApiGatewayV2::Route",
    },
    "TestSiteHttpApiDefaultRouteHttpLambdaIntegration417857CE": {
      "Properties": {
        "ApiId": {
          "Ref": "TestSiteHttpApi6002F179",
        },
        "IntegrationType": "AWS_PROXY",
        "IntegrationUri": {
          "Fn::GetAtt": [
            "TestSiteSSRFunctionE55712D1",
            "Arn",
          ],
        },
        "PayloadFormatVersion": "2.0",
      },
      "Type": "AWS::ApiGatewayV2::Integration",
    },
    "TestSiteHttpApiDefaultRouteHttpLambdaIntegrationPermissionDE776175": {
      "Properties": {
        "Action": "lambda:InvokeFunction",
        "FunctionName": {
          "Fn::GetAtt": [
            "TestSiteSSRFunctionE55712D1",
            "Arn",
          ],
        },
        "Principal": "apigateway.amazonaws.com",
        "SourceArn": {
          "Fn::Join": [
            "",
            [
              "arn:",
              {
                "Ref": "AWS::Partition",
              },
              ":execute-api:",
              {
                "Ref": "AWS::Region",
              },
              ":",
              {
                "Ref": "AWS::AccountId",
              },
              ":",
              {
                "Ref": "TestSiteHttpApi6002F179",
              },
              "/*/*",
            ],
          ],
        },
      },
      "Type": "AWS::Lambda::Permission",
    },
    "TestSiteHttpApiDefaultStage8CCACE2E": {
      "Properties": {
        "ApiId": {
          "Ref": "TestSiteHttpApi6002F179",
        },
        "AutoDeploy": true,
        "StageName": "$default",
      },
      "Type": "AWS::ApiGatewayV2::Stage",
    },
    "TestSiteHttpApiGETindexhtml5ED77751": {
      "Properties": {
        "ApiId": {
          "Ref": "TestSiteHttpApi6002F179",
        },
        "IntegrationMethod": "ANY",
        "IntegrationType": "HTTP_PROXY",
        "IntegrationUri": {
          "Fn::Join": [
            "",
            [
              "http://",
              {
                "Fn::Select": [
                  2,
                  {
                    "Fn::Split": [
                      "/",
                      {
                        "Fn::GetAtt": [
                          "TestSiteStaticAssetsF5321A7D",
                          "WebsiteURL",
                        ],
                      },
                    ],
                  },
                ],
              },
              "/index.html",
            ],
          ],
        },
        "PayloadFormatVersion": "1.0",
      },
      "Type": "AWS::ApiGatewayV2::Integration",
    },
    "TestSiteHttpApiGETindexhtml7B228DAC": {
      "Properties": {
        "ApiId": {
          "Ref": "TestSiteHttpApi6002F179",
        },
        "AuthorizationType": "NONE",
        "RouteKey": "GET /index.html",
        "Target": {
          "Fn::Join": [
            "",
            [
              "integrations/",
              {
                "Ref": "TestSiteHttpApiGETindexhtml5ED77751",
              },
            ],
          ],
        },
      },
      "Type": "AWS::ApiGatewayV2::Route",
    },
    "TestSiteSSRFunctionE55712D1": {
      "DependsOn": [
        "TestSiteSSRFunctionServiceRole6ACAD7A4",
      ],
      "Properties": {
        "Code": {
          "S3Bucket": {
            "Fn::Sub": "cdk-hnb659fds-assets-\${AWS::AccountId}-\${AWS::Region}",
          },
          "S3Key": "5e1cfc71811b7b7ae660dfdcccc5570dee0bce2be7b1936a263ad125a5032ee6.zip",
        },
        "Environment": {
          "Variables": {
            "AWS_NODEJS_CONNECTION_REUSE_ENABLED": "1",
          },
        },
        "Handler": "index.handler",
        "Role": {
          "Fn::GetAtt": [
            "TestSiteSSRFunctionServiceRole6ACAD7A4",
            "Arn",
          ],
        },
        "Runtime": "nodejs18.x",
      },
      "Type": "AWS::Lambda::Function",
    },
    "TestSiteSSRFunctionServiceRole6ACAD7A4": {
      "Properties": {
        "AssumeRolePolicyDocument": {
          "Statement": [
            {
              "Action": "sts:AssumeRole",
              "Effect": "Allow",
              "Principal": {
                "Service": "lambda.amazonaws.com",
              },
            },
          ],
          "Version": "2012-10-17",
        },
        "ManagedPolicyArns": [
          {
            "Fn::Join": [
              "",
              [
                "arn:",
                {
                  "Ref": "AWS::Partition",
                },
                ":iam::aws:policy/service-role/AWSLambdaBasicExecutionRole",
              ],
            ],
          },
        ],
      },
      "Type": "AWS::IAM::Role",
    },
    "TestSiteStaticAssetsAutoDeleteObjectsCustomResource6848ADC8": {
      "DeletionPolicy": "Delete",
      "DependsOn": [
        "TestSiteStaticAssetsPolicyB015C3BD",
      ],
      "Properties": {
        "BucketName": {
          "Ref": "TestSiteStaticAssetsF5321A7D",
        },
        "ServiceToken": {
          "Fn::GetAtt": [
            "CustomS3AutoDeleteObjectsCustomResourceProviderHandler9D90184F",
            "Arn",
          ],
        },
      },
      "Type": "Custom::S3AutoDeleteObjects",
      "UpdateReplacePolicy": "Delete",
    },
    "TestSiteStaticAssetsF5321A7D": {
      "DeletionPolicy": "Delete",
      "Properties": {
        "PublicAccessBlockConfiguration": {
          "BlockPublicAcls": false,
          "BlockPublicPolicy": false,
          "IgnorePublicAcls": false,
          "RestrictPublicBuckets": false,
        },
        "Tags": [
          {
            "Key": "aws-cdk:auto-delete-objects",
            "Value": "true",
          },
          {
            "Key": "aws-cdk:cr-owned:cc5bd9f8",
            "Value": "true",
          },
        ],
        "WebsiteConfiguration": {
          "ErrorDocument": "error.html",
          "IndexDocument": "index.html",
        },
      },
      "Type": "AWS::S3::Bucket",
      "UpdateReplacePolicy": "Delete",
    },
    "TestSiteStaticAssetsPolicyB015C3BD": {
      "Properties": {
        "Bucket": {
          "Ref": "TestSiteStaticAssetsF5321A7D",
        },
        "PolicyDocument": {
          "Statement": [
            {
              "Action": "s3:GetObject",
              "Effect": "Allow",
              "Principal": {
                "AWS": "*",
              },
              "Resource": {
                "Fn::Join": [
                  "",
                  [
                    {
                      "Fn::GetAtt": [
                        "TestSiteStaticAssetsF5321A7D",
                        "Arn",
                      ],
                    },
                    "/*",
                  ],
                ],
              },
            },
            {
              "Action": [
                "s3:GetBucket*",
                "s3:List*",
                "s3:DeleteObject*",
              ],
              "Effect": "Allow",
              "Principal": {
                "AWS": {
                  "Fn::GetAtt": [
                    "CustomS3AutoDeleteObjectsCustomResourceProviderRole3B1BD092",
                    "Arn",
                  ],
                },
              },
              "Resource": [
                {
                  "Fn::GetAtt": [
                    "TestSiteStaticAssetsF5321A7D",
                    "Arn",
                  ],
                },
                {
                  "Fn::Join": [
                    "",
                    [
                      {
                        "Fn::GetAtt": [
                          "TestSiteStaticAssetsF5321A7D",
                          "Arn",
                        ],
                      },
                      "/*",
                    ],
                  ],
                },
              ],
            },
          ],
          "Version": "2012-10-17",
        },
      },
      "Type": "AWS::S3::BucketPolicy",
    },
  },
  "Rules": {
    "CheckBootstrapVersion": {
      "Assertions": [
        {
          "Assert": {
            "Fn::Not": [
              {
                "Fn::Contains": [
                  [
                    "1",
                    "2",
                    "3",
                    "4",
                    "5",
                  ],
                  {
                    "Ref": "BootstrapVersion",
                  },
                ],
              },
            ],
          },
          "AssertDescription": "CDK bootstrap stack version 6 required. Please run 'cdk bootstrap' with a recent version of the CDK CLI.",
        },
      ],
    },
  },
}
`;
